// Jest Snapshot v1, https://goo.gl/fbAQLP

exports[`<Home /> renders 1`] = `
<DocumentFragment>
  <div
    class="sc-ifAKCX jaAIoQ"
  >
    <div
      class="sc-EHOje kJuSY"
    >
      <h1
        class="sc-bZQynM kfYfR"
      >
        Usu√°rios cadastrados
      </h1>
      <button
        class="MuiButtonBase-root-27 MuiButton-root-1 MuiButton-contained-12 MuiButton-containedPrimary-13 MuiButton-raised-15 MuiButton-raisedPrimary-16"
        tabindex="0"
        type="submit"
      >
        <span
          class="MuiButton-label-2"
        >
          Criar
        </span>
        <span
          class="MuiTouchRipple-root-30"
        />
      </button>
    </div>
    <div
      class="sc-htoDjs bCJLzp"
    >
      <div
        class="Loading sc-htpNat eKwFpN"
        color="#bababa"
      >
        <div />
        <div />
        <div />
        <div />
      </div>
    </div>
  </div>
</DocumentFragment>
`;
